// Jest Snapshot v1, https://goo.gl/fbAQLP

exports[`AppChannelsList renders a list of channels 1`] = `
<ul>
  <li>
    
    Canal 1 
    <button
      data-test="remove-button"
    >
      
  Eliminar

    </button>
  </li>
  <li>
    
    Canal 2 
    <button
      data-test="remove-button"
    >
      
  Eliminar

    </button>
  </li>
  <li>
    
    Canal 3 
    <button
      data-test="remove-button"
    >
      
  Eliminar

    </button>
  </li>
</ul>
`;
